// Jest Snapshot v1, https://goo.gl/fbAQLP

exports[`TokenTransferInfo renders correctly 1`] = `<div />`;
